duplicated file descriptor: 1
duplicate status : Success
haha
restore status : Success
close status : Success
